[ghsl] city=ahmedabad center=(72.2441, 22.8994) radius=48km
[ghsl] 3980 parcels
[ghsl] ghsl 1975: 2% mean cell built-up
[ghsl] ghsl 1980: 2% mean cell built-up
[ghsl] ghsl 1985: 3% mean cell built-up
[ghsl] ghsl 1990: 3% mean cell built-up
[ghsl] ghsl 1995: 3% mean cell built-up
[ghsl] ghsl 2000: 4% mean cell built-up
[ghsl] ghsl 2005: 5% mean cell built-up
[ghsl] ghsl 2010: 5% mean cell built-up
[ghsl] ghsl 2015: 6% mean cell built-up
[ghsl] ghsl 2020: 6% mean cell built-up
[ghsl] extent 1975: 11037 polygons
[ghsl] extent 1980: 10416 polygons
[ghsl] extent 1985: 9975 polygons
[ghsl] extent 1990: 9675 polygons
[ghsl] extent 1995: 9474 polygons
[ghsl] extent 2000: 9240 polygons
[ghsl] extent 2005: 9362 polygons
[ghsl] extent 2010: 8660 polygons
[ghsl] extent 2015: 7335 polygons
[ghsl] extent 2020: 6639 polygons
[ghsl] stored observed-history (3980 parcels) + 10 layer(s) for ahmedabad
[ghsl] builtup_ghsl_1975: 1196.4 km² built-up extent
[ghsl] builtup_ghsl_1980: 1410.8 km² built-up extent
[ghsl] builtup_ghsl_1985: 1536.2 km² built-up extent
[ghsl] builtup_ghsl_1990: 1632.3 km² built-up extent
[ghsl] builtup_ghsl_1995: 1742.1 km² built-up extent
[ghsl] builtup_ghsl_2000: 1808.1 km² built-up extent
[ghsl] builtup_ghsl_2005: 2014.2 km² built-up extent
[ghsl] builtup_ghsl_2010: 2183.6 km² built-up extent
[ghsl] builtup_ghsl_2015: 2398.1 km² built-up extent
[ghsl] builtup_ghsl_2020: 2526.0 km² built-up extent
[ghsl] sample parcel GJ-AHM-00001: {1975: 13, 1980: 14, 1985: 15, 1990: 16, 1995: 18, 2000: 20, 2005: 21, 2010: 23, 2015: 25, 2020: 25}
